// Jest Snapshot v1, https://goo.gl/fbAQLP

exports[`should render correctly 1`] = `
<div>
  <nav
    class="sc-bdfBwQ pRJKX"
  >
    <ul
      class="breadcrumb"
    >
      <li
        aria-current="page"
        class="breadcrumb-item"
      >
        <a
          class=""
          href="/dashboard/delivery_reports"
        >
          Danh sách biên bản
        </a>
      </li>
      <li
        aria-current="page"
        class="breadcrumb-item"
      >
        <a
          class="active-tab"
        >
          Tạo mới
        </a>
      </li>
    </ul>
  </nav>
</div>
`;
